// Jest Snapshot v1, https://goo.gl/fbAQLP

exports[`todo list rendered match snapshot list 1`] = `
<main
  className="App__todo-list"
  onScroll={[Function]}
  style={Object {}}
>
  <section
    className=""
    onScroll={[Function]}
  >
    <div
      className="App__todo-list__item"
    >
      <div
        className="hstack gap-3"
      >
        <div>
          <div
            className="App__todo-list__item-title"
          >
            Task 1
          </div>
          <div
            className="App__todo-list__item-description"
          >
            <span>
              Description 1
            </span>
            <span>
               (Fri Feb 04 2022)
            </span>
          </div>
        </div>
        <div
          className="ms-auto"
        >
          <svg
            aria-hidden="true"
            className="svg-inline--fa fa-check-double action-icon"
            data-icon="check-double"
            data-prefix="fas"
            data-testid="complete-button"
            focusable="false"
            onClick={[Function]}
            role="img"
            style={Object {}}
            viewBox="0 0 512 512"
            xmlns="http://www.w3.org/2000/svg"
          >
            <path
              d="M374.6 86.6c12.5-12.5 12.5-32.8 0-45.3s-32.8-12.5-45.3 0L192 178.7l-57.4-57.4c-12.5-12.5-32.8-12.5-45.3 0s-12.5 32.8 0 45.3l80 80c12.5 12.5 32.8 12.5 45.3 0l160-160zm96 128c12.5-12.5 12.5-32.8 0-45.3s-32.8-12.5-45.3 0L192 402.7 86.6 297.4c-12.5-12.5-32.8-12.5-45.3 0s-12.5 32.8 0 45.3l128 128c12.5 12.5 32.8 12.5 45.3 0l256-256z"
              fill="currentColor"
              style={Object {}}
            />
          </svg>
        </div>
        <div>
          <svg
            aria-hidden="true"
            className="svg-inline--fa fa-trash action-icon"
            data-icon="trash"
            data-prefix="fas"
            data-testid="delete-button"
            focusable="false"
            onClick={[Function]}
            role="img"
            style={Object {}}
            viewBox="0 0 448 512"
            xmlns="http://www.w3.org/2000/svg"
          >
            <path
              d="M135.2 17.7L128 32H32C14.3 32 0 46.3 0 64S14.3 96 32 96H416c17.7 0 32-14.3 32-32s-14.3-32-32-32H320l-7.2-14.3C307.4 6.8 296.3 0 284.2 0H163.8c-12.1 0-23.2 6.8-28.6 17.7zM416 128H32L53.2 467c1.6 25.3 22.6 45 47.9 45H346.9c25.3 0 46.3-19.7 47.9-45L416 128z"
              fill="currentColor"
              style={Object {}}
            />
          </svg>
        </div>
      </div>
    </div>
    <div
      className="App__todo-list__item"
    >
      <div
        className="hstack gap-3"
      >
        <div>
          <div
            className="App__todo-list__item-title--completed"
          >
            Task 2
          </div>
          <div
            className="App__todo-list__item-description--compleated"
          >
            <span>
              Description 2
            </span>
            <span>
               (Sat Feb 05 2022)
            </span>
          </div>
        </div>
        <div
          className="ms-auto"
        >
          <svg
            aria-hidden="true"
            className="svg-inline--fa fa-check-double action-icon--disabled"
            data-icon="check-double"
            data-prefix="fas"
            data-testid="complete-button"
            focusable="false"
            onClick={[Function]}
            role="img"
            style={Object {}}
            viewBox="0 0 512 512"
            xmlns="http://www.w3.org/2000/svg"
          >
            <path
              d="M374.6 86.6c12.5-12.5 12.5-32.8 0-45.3s-32.8-12.5-45.3 0L192 178.7l-57.4-57.4c-12.5-12.5-32.8-12.5-45.3 0s-12.5 32.8 0 45.3l80 80c12.5 12.5 32.8 12.5 45.3 0l160-160zm96 128c12.5-12.5 12.5-32.8 0-45.3s-32.8-12.5-45.3 0L192 402.7 86.6 297.4c-12.5-12.5-32.8-12.5-45.3 0s-12.5 32.8 0 45.3l128 128c12.5 12.5 32.8 12.5 45.3 0l256-256z"
              fill="currentColor"
              style={Object {}}
            />
          </svg>
        </div>
        <div>
          <svg
            aria-hidden="true"
            className="svg-inline--fa fa-trash action-icon"
            data-icon="trash"
            data-prefix="fas"
            data-testid="delete-button"
            focusable="false"
            onClick={[Function]}
            role="img"
            style={Object {}}
            viewBox="0 0 448 512"
            xmlns="http://www.w3.org/2000/svg"
          >
            <path
              d="M135.2 17.7L128 32H32C14.3 32 0 46.3 0 64S14.3 96 32 96H416c17.7 0 32-14.3 32-32s-14.3-32-32-32H320l-7.2-14.3C307.4 6.8 296.3 0 284.2 0H163.8c-12.1 0-23.2 6.8-28.6 17.7zM416 128H32L53.2 467c1.6 25.3 22.6 45 47.9 45H346.9c25.3 0 46.3-19.7 47.9-45L416 128z"
              fill="currentColor"
              style={Object {}}
            />
          </svg>
        </div>
      </div>
    </div>
    <div
      className="App__todo-list__item"
    >
      <div
        className="hstack gap-3"
      >
        <div>
          <div
            className="App__todo-list__item-title"
          >
            Task 3
          </div>
          <div
            className="App__todo-list__item-description"
          >
            <span>
              Description 3
            </span>
            <span>
               (Sun Feb 06 2022)
            </span>
          </div>
        </div>
        <div
          className="ms-auto"
        >
          <svg
            aria-hidden="true"
            className="svg-inline--fa fa-check-double action-icon"
            data-icon="check-double"
            data-prefix="fas"
            data-testid="complete-button"
            focusable="false"
            onClick={[Function]}
            role="img"
            style={Object {}}
            viewBox="0 0 512 512"
            xmlns="http://www.w3.org/2000/svg"
          >
            <path
              d="M374.6 86.6c12.5-12.5 12.5-32.8 0-45.3s-32.8-12.5-45.3 0L192 178.7l-57.4-57.4c-12.5-12.5-32.8-12.5-45.3 0s-12.5 32.8 0 45.3l80 80c12.5 12.5 32.8 12.5 45.3 0l160-160zm96 128c12.5-12.5 12.5-32.8 0-45.3s-32.8-12.5-45.3 0L192 402.7 86.6 297.4c-12.5-12.5-32.8-12.5-45.3 0s-12.5 32.8 0 45.3l128 128c12.5 12.5 32.8 12.5 45.3 0l256-256z"
              fill="currentColor"
              style={Object {}}
            />
          </svg>
        </div>
        <div>
          <svg
            aria-hidden="true"
            className="svg-inline--fa fa-trash action-icon"
            data-icon="trash"
            data-prefix="fas"
            data-testid="delete-button"
            focusable="false"
            onClick={[Function]}
            role="img"
            style={Object {}}
            viewBox="0 0 448 512"
            xmlns="http://www.w3.org/2000/svg"
          >
            <path
              d="M135.2 17.7L128 32H32C14.3 32 0 46.3 0 64S14.3 96 32 96H416c17.7 0 32-14.3 32-32s-14.3-32-32-32H320l-7.2-14.3C307.4 6.8 296.3 0 284.2 0H163.8c-12.1 0-23.2 6.8-28.6 17.7zM416 128H32L53.2 467c1.6 25.3 22.6 45 47.9 45H346.9c25.3 0 46.3-19.7 47.9-45L416 128z"
              fill="currentColor"
              style={Object {}}
            />
          </svg>
        </div>
      </div>
    </div>
    <div
      className="App__todo-list__item"
    >
      <div
        className="hstack gap-3"
      >
        <div>
          <div
            className="App__todo-list__item-title"
          >
            Task 4
          </div>
          <div
            className="App__todo-list__item-description"
          >
            <span>
              Description 4
            </span>
            <span>
               (Mon Feb 07 2022)
            </span>
          </div>
        </div>
        <div
          className="ms-auto"
        >
          <svg
            aria-hidden="true"
            className="svg-inline--fa fa-check-double action-icon"
            data-icon="check-double"
            data-prefix="fas"
            data-testid="complete-button"
            focusable="false"
            onClick={[Function]}
            role="img"
            style={Object {}}
            viewBox="0 0 512 512"
            xmlns="http://www.w3.org/2000/svg"
          >
            <path
              d="M374.6 86.6c12.5-12.5 12.5-32.8 0-45.3s-32.8-12.5-45.3 0L192 178.7l-57.4-57.4c-12.5-12.5-32.8-12.5-45.3 0s-12.5 32.8 0 45.3l80 80c12.5 12.5 32.8 12.5 45.3 0l160-160zm96 128c12.5-12.5 12.5-32.8 0-45.3s-32.8-12.5-45.3 0L192 402.7 86.6 297.4c-12.5-12.5-32.8-12.5-45.3 0s-12.5 32.8 0 45.3l128 128c12.5 12.5 32.8 12.5 45.3 0l256-256z"
              fill="currentColor"
              style={Object {}}
            />
          </svg>
        </div>
        <div>
          <svg
            aria-hidden="true"
            className="svg-inline--fa fa-trash action-icon"
            data-icon="trash"
            data-prefix="fas"
            data-testid="delete-button"
            focusable="false"
            onClick={[Function]}
            role="img"
            style={Object {}}
            viewBox="0 0 448 512"
            xmlns="http://www.w3.org/2000/svg"
          >
            <path
              d="M135.2 17.7L128 32H32C14.3 32 0 46.3 0 64S14.3 96 32 96H416c17.7 0 32-14.3 32-32s-14.3-32-32-32H320l-7.2-14.3C307.4 6.8 296.3 0 284.2 0H163.8c-12.1 0-23.2 6.8-28.6 17.7zM416 128H32L53.2 467c1.6 25.3 22.6 45 47.9 45H346.9c25.3 0 46.3-19.7 47.9-45L416 128z"
              fill="currentColor"
              style={Object {}}
            />
          </svg>
        </div>
      </div>
    </div>
    <div
      className="App__todo-list__item"
    >
      <div
        className="hstack gap-3"
      >
        <div>
          <div
            className="App__todo-list__item-title"
          >
            Task 6
          </div>
          <div
            className="App__todo-list__item-description"
          >
            <span>
              Description 6
            </span>
            <span>
               (Fri Mar 04 2022)
            </span>
          </div>
        </div>
        <div
          className="ms-auto"
        >
          <svg
            aria-hidden="true"
            className="svg-inline--fa fa-check-double action-icon"
            data-icon="check-double"
            data-prefix="fas"
            data-testid="complete-button"
            focusable="false"
            onClick={[Function]}
            role="img"
            style={Object {}}
            viewBox="0 0 512 512"
            xmlns="http://www.w3.org/2000/svg"
          >
            <path
              d="M374.6 86.6c12.5-12.5 12.5-32.8 0-45.3s-32.8-12.5-45.3 0L192 178.7l-57.4-57.4c-12.5-12.5-32.8-12.5-45.3 0s-12.5 32.8 0 45.3l80 80c12.5 12.5 32.8 12.5 45.3 0l160-160zm96 128c12.5-12.5 12.5-32.8 0-45.3s-32.8-12.5-45.3 0L192 402.7 86.6 297.4c-12.5-12.5-32.8-12.5-45.3 0s-12.5 32.8 0 45.3l128 128c12.5 12.5 32.8 12.5 45.3 0l256-256z"
              fill="currentColor"
              style={Object {}}
            />
          </svg>
        </div>
        <div>
          <svg
            aria-hidden="true"
            className="svg-inline--fa fa-trash action-icon"
            data-icon="trash"
            data-prefix="fas"
            data-testid="delete-button"
            focusable="false"
            onClick={[Function]}
            role="img"
            style={Object {}}
            viewBox="0 0 448 512"
            xmlns="http://www.w3.org/2000/svg"
          >
            <path
              d="M135.2 17.7L128 32H32C14.3 32 0 46.3 0 64S14.3 96 32 96H416c17.7 0 32-14.3 32-32s-14.3-32-32-32H320l-7.2-14.3C307.4 6.8 296.3 0 284.2 0H163.8c-12.1 0-23.2 6.8-28.6 17.7zM416 128H32L53.2 467c1.6 25.3 22.6 45 47.9 45H346.9c25.3 0 46.3-19.7 47.9-45L416 128z"
              fill="currentColor"
              style={Object {}}
            />
          </svg>
        </div>
      </div>
    </div>
  </section>
</main>
`;

exports[`todo list rendered match snapshot loader 1`] = `
<main
  className="App__todo-list"
  onScroll={[Function]}
  style={Object {}}
>
  <div
    className="loader-container d-flex justify-content-center align-items-center fade-in"
    data-testid="loader"
  >
    <div
      className="loader"
    />
  </div>
</main>
`;
