// Jest Snapshot v1, https://goo.gl/fbAQLP

exports[`ImportExport component should match snapshot 1`] = `
<form
  className="todo-background p-1"
>
  <div
    className="container-fluid"
  >
    <div
      className="row row-cols-sm-3 row-cols-1"
    >
      <div
        className="p-2 col-sm-8"
      >
        <div
          className="input-group input-group-sm"
        >
          <input
            accept=".json"
            aria-describedby="inputGroup-sizing-sm"
            aria-label="Choose File"
            className="form-control"
            onChange={[Function]}
            readOnly={true}
            type="file"
          />
        </div>
      </div>
      <div
        className="p-2 col-sm-2"
      >
        <button
          className="w-100 action-button btn btn-outline-secondary btn-sm"
          disabled={true}
          onClick={[Function]}
          type="button"
        >
          Import 
           
          <svg
            aria-hidden="true"
            className="svg-inline--fa fa-file-import "
            data-icon="file-import"
            data-prefix="fas"
            focusable="false"
            role="img"
            style={Object {}}
            viewBox="0 0 512 512"
            xmlns="http://www.w3.org/2000/svg"
          >
            <path
              d="M128 64c0-35.3 28.7-64 64-64H352V128c0 17.7 14.3 32 32 32H512V448c0 35.3-28.7 64-64 64H192c-35.3 0-64-28.7-64-64V336H302.1l-39 39c-9.4 9.4-9.4 24.6 0 33.9s24.6 9.4 33.9 0l80-80c9.4-9.4 9.4-24.6 0-33.9l-80-80c-9.4-9.4-24.6-9.4-33.9 0s-9.4 24.6 0 33.9l39 39H128V64zm0 224v48H24c-13.3 0-24-10.7-24-24s10.7-24 24-24H128zM512 128H384V0L512 128z"
              fill="currentColor"
              style={Object {}}
            />
          </svg>
        </button>
      </div>
      <div
        className="p-2 col-sm-2"
      >
        <button
          className="w-100 action-button btn btn-outline-secondary btn-sm"
          disabled={true}
          onClick={[Function]}
          type="button"
        >
          Export 
           
          <svg
            aria-hidden="true"
            className="svg-inline--fa fa-file-export "
            data-icon="file-export"
            data-prefix="fas"
            focusable="false"
            role="img"
            style={Object {}}
            viewBox="0 0 576 512"
            xmlns="http://www.w3.org/2000/svg"
          >
            <path
              d="M0 64C0 28.7 28.7 0 64 0H224V128c0 17.7 14.3 32 32 32H384V288H216c-13.3 0-24 10.7-24 24s10.7 24 24 24H384V448c0 35.3-28.7 64-64 64H64c-35.3 0-64-28.7-64-64V64zM384 336V288H494.1l-39-39c-9.4-9.4-9.4-24.6 0-33.9s24.6-9.4 33.9 0l80 80c9.4 9.4 9.4 24.6 0 33.9l-80 80c-9.4 9.4-24.6 9.4-33.9 0s-9.4-24.6 0-33.9l39-39H384zm0-208H256V0L384 128z"
              fill="currentColor"
              style={Object {}}
            />
          </svg>
        </button>
      </div>
    </div>
  </div>
</form>
`;
